// Jest Snapshot v1, https://goo.gl/fbAQLP

exports[`Home page matches snapshot 1`] = `
<DocumentFragment>
  <div
    class="flex flex-col items-center justify-center min-h-screen py-2"
  >
    <main
      class="flex flex-col items-center justify-center w-full flex-1 px-20 text-center"
    >
      <h1
        class="text-6xl font-bold"
      >
        Welcome to 
        <a
          class="text-blue-600"
          href="https://nextjs.org"
        >
          Next.js!
        </a>
      </h1>
      <p
        class="my-3 text-2xl"
      >
        Get started by editing 
        <code
          class="p-3 font-mono text-lg bg-gray-100 rounded-md"
        >
          pages/index.js
        </code>
      </p>
      <button
        class="my-3 px-8 py-3 border border-transparent text-base font-medium rounded-md text-white bg-indigo-600 hover:bg-indigo-700 md:py-4 md:text-lg md:px-10"
      >
        Test Button
      </button>
      <div
        class="flex flex-wrap items-center justify-around max-w-4xl mt-6 sm:w-full"
      >
        <a
          class="p-6 mt-6 text-left border w-96 rounded-xl hover:text-blue-600 focus:text-blue-600"
          href="https://nextjs.org/docs"
        >
          <h3
            class="text-2xl font-bold"
          >
            Documentation →
          </h3>
          <p
            class="mt-4 text-xl"
          >
            Find in-depth information about Next.js features and API.
          </p>
        </a>
        <a
          class="p-6 mt-6 text-left border w-96 rounded-xl hover:text-blue-600 focus:text-blue-600"
          href="https://nextjs.org/learn"
        >
          <h3
            class="text-2xl font-bold"
          >
            Learn →
          </h3>
          <p
            class="mt-4 text-xl"
          >
            Learn about Next.js in an interactive course with quizzes!
          </p>
        </a>
        <a
          class="p-6 mt-6 text-left border w-96 rounded-xl hover:text-blue-600 focus:text-blue-600"
          href="https://github.com/vercel/next.js/tree/master/examples"
        >
          <h3
            class="text-2xl font-bold"
          >
            Examples →
          </h3>
          <p
            class="mt-4 text-xl"
          >
            Discover and deploy boilerplate example Next.js projects.
          </p>
        </a>
        <a
          class="p-6 mt-6 text-left border w-96 rounded-xl hover:text-blue-600 focus:text-blue-600"
          href="https://vercel.com/import?filter=next.js&utm_source=create-next-app&utm_medium=default-template&utm_campaign=create-next-app"
        >
          <h3
            class="text-2xl font-bold"
          >
            Deploy →
          </h3>
          <p
            class="mt-4 text-xl"
          >
            Instantly deploy your Next.js site to a public URL with Vercel.
          </p>
        </a>
      </div>
    </main>
    <footer
      class="flex items-center justify-center w-full h-24 border-t"
    >
      <a
        class="flex items-center justify-center"
        href="https://vercel.com?utm_source=create-next-app&utm_medium=default-template&utm_campaign=create-next-app"
        rel="noopener noreferrer"
        target="_blank"
      >
        Powered by 
        <img
          alt="Vercel Logo"
          class="h-4 ml-2"
          src="/vercel.svg"
        />
      </a>
    </footer>
  </div>
</DocumentFragment>
`;
